Fitter Retime Stage Report for golden_top
Thu May 14 23:05:00 2026
Quartus Prime Version 25.3.1 Build 100 12/19/2025 Patches 1.02 SC Pro Edition


---------------------
; Table of Contents ;
---------------------
  1. Legal Notice
  2. Hyper-Retimer Settings
  3. Reset Sequence Requirement
  4. Retiming Limit Summary
  5. Transfer from GPIO_Din[1] to u_VEDIO_PLL|iopll_0_outclk0 (Meets timing requirements: No further analysis performed.)
  6. Transfer from GPIO_Din[1] to pll_sdram|iopll_0_outclk0 (Meets timing requirements: No further analysis performed.)
  7. Transfer from camera|mipi_rclk|iopll_0_refclk to pll_sdram|iopll_0_outclk0 (Meets timing requirements: No further analysis performed.)
  8. Transfer from GPIO_Din[1] to camera|mipi_rclk|iopll_0_refclk (Meets timing requirements: No further analysis performed.)
  9. Clock Domain pll_sdram|iopll_0_outclk0 (Meets timing requirements: No further analysis performed.)
 10. Clock Domain altera_reserved_tck (Meets timing requirements: No further analysis performed.)
 11. Transfer from camera|mipi_rclk|iopll_0_refclk to GPIO_Din[1] (Meets timing requirements: No further analysis performed.)
 12. Transfer from u_VEDIO_PLL|iopll_0_outclk0 to pll_sdram|iopll_0_outclk0 (Meets timing requirements: No further analysis performed.)
 13. Clock Domain camera|mipi_rclk|iopll_0_refclk (Meets timing requirements: No further analysis performed.)
 14. Clock Domain u_VEDIO_PLL|iopll_0_outclk0 (Meets timing requirements: No further analysis performed.)
 15. Clock Domain GPIO_Din[1] (Meets timing requirements: No further analysis performed.)
 16. Clock Domain u_AUDIO_PLL|iopll_0_outclk0 (Meets timing requirements: No further analysis performed.)
 17. Retime Messages



----------------
; Legal Notice ;
----------------
Copyright (C) 2025  Altera Corporation. All rights reserved.
Your use of Altera Corporation's design tools, logic functions 
and other software and tools, and any partner logic 
functions, and any output files from any of the foregoing 
(including device programming or simulation files), and any 
associated documentation or information are expressly subject 
to the terms and conditions of the Altera Program License 
Subscription Agreement, the Altera Quartus Prime License Agreement,
the Altera IP License Agreement, or other applicable license
agreement, including, without limitation, that your use is for
the sole purpose of programming logic devices manufactured by
Altera and sold by Altera or its authorized distributors.  Please
refer to the Altera Software License Subscription Agreements 
on the Quartus Prime software download page.



+--------------------------------------------------+
; Hyper-Retimer Settings                           ;
+------------------------+---------+---------------+
; Option                 ; Setting ; Default Value ;
+------------------------+---------+---------------+
; Enable Auto-Pipelining ; On      ; On            ;
+------------------------+---------+---------------+


+---------------------------------------------------------------------------------+
; Reset Sequence Requirement                                                      ;
+---------------------------------------------------+-----------------------------+
; Clock Name                                        ; Number of additional cycles ;
+---------------------------------------------------+-----------------------------+
; camera|mipi_rclk|iopll_0_refclk                   ; 3                           ;
; camera|mipi_rclk|iopll_0|tennm_ph2_iopll|ref_clk0 ; 0                           ;
; camera|mipi_rclk|iopll_0_n_cnt_clk                ; 0                           ;
; camera|mipi_rclk|iopll_0_m_cnt_clk                ; 0                           ;
; camera|mipi_rclk|iopll_0_outclk0                  ; 0                           ;
; u_VEDIO_PLL|iopll_0|tennm_ph2_iopll|ref_clk0      ; 0                           ;
; u_VEDIO_PLL|iopll_0_n_cnt_clk                     ; 0                           ;
; u_VEDIO_PLL|iopll_0_m_cnt_clk                     ; 0                           ;
; u_VEDIO_PLL|iopll_0_outclk0                       ; 2                           ;
; internal_clk                                      ; 0                           ;
; GPIO_Din[1]                                       ; 0                           ;
; CLOCK1_50                                         ; 0                           ;
; u_AUDIO_PLL|iopll_0|tennm_ph2_iopll|ref_clk0      ; 0                           ;
; u_AUDIO_PLL|iopll_0_n_cnt_clk                     ; 0                           ;
; u_AUDIO_PLL|iopll_0_m_cnt_clk                     ; 0                           ;
; u_AUDIO_PLL|iopll_0_outclk0                       ; 2                           ;
; pll_sdram|iopll_0|tennm_ph2_iopll|ref_clk0        ; 0                           ;
; pll_sdram|iopll_0_n_cnt_clk                       ; 0                           ;
; pll_sdram|iopll_0_m_cnt_clk                       ; 0                           ;
; pll_sdram|iopll_0_outclk0                         ; 0                           ;
; pll_sdram|iopll_0_outclk1                         ; 0                           ;
; altera_reserved_tck                               ; 0                           ;
+---------------------------------------------------+-----------------------------+
Note: Due to retiming optimizations, a clock domain may require a longer reset sequence to ensure correct functionality.  The table above indicates the minimum number of additional reset sequence cycles needed for each clock domain.


+---------------------------------------------------------------------------------------------------------------------------------------------------------+
; Retiming Limit Summary                                                                                                                                  ;
+----------------------------------------------------------------------------+-----------------------------------------------------------+----------------+
; Clock Transfer                                                             ; Limiting Reason                                           ; Recommendation ;
+----------------------------------------------------------------------------+-----------------------------------------------------------+----------------+
; Transfer from GPIO_Din[1] to u_VEDIO_PLL|iopll_0_outclk0                   ; Meets timing requirements: No further analysis performed. ; None           ;
; Transfer from GPIO_Din[1] to pll_sdram|iopll_0_outclk0                     ; Meets timing requirements: No further analysis performed. ; None           ;
; Transfer from camera|mipi_rclk|iopll_0_refclk to pll_sdram|iopll_0_outclk0 ; Meets timing requirements: No further analysis performed. ; None           ;
; Transfer from GPIO_Din[1] to camera|mipi_rclk|iopll_0_refclk               ; Meets timing requirements: No further analysis performed. ; None           ;
; Clock Domain pll_sdram|iopll_0_outclk0                                     ; Meets timing requirements: No further analysis performed. ; None           ;
; Clock Domain altera_reserved_tck                                           ; Meets timing requirements: No further analysis performed. ; None           ;
; Transfer from camera|mipi_rclk|iopll_0_refclk to GPIO_Din[1]               ; Meets timing requirements: No further analysis performed. ; None           ;
; Transfer from u_VEDIO_PLL|iopll_0_outclk0 to pll_sdram|iopll_0_outclk0     ; Meets timing requirements: No further analysis performed. ; None           ;
; Clock Domain camera|mipi_rclk|iopll_0_refclk                               ; Meets timing requirements: No further analysis performed. ; None           ;
; Clock Domain u_VEDIO_PLL|iopll_0_outclk0                                   ; Meets timing requirements: No further analysis performed. ; None           ;
; Clock Domain GPIO_Din[1]                                                   ; Meets timing requirements: No further analysis performed. ; None           ;
; Clock Domain u_AUDIO_PLL|iopll_0_outclk0                                   ; Meets timing requirements: No further analysis performed. ; None           ;
+----------------------------------------------------------------------------+-----------------------------------------------------------+----------------+


Transfer from GPIO_Din[1] to u_VEDIO_PLL|iopll_0_outclk0 (Meets timing requirements: No further analysis performed.)
===============================================================================


Transfer from GPIO_Din[1] to pll_sdram|iopll_0_outclk0 (Meets timing requirements: No further analysis performed.)
===============================================================================


Transfer from camera|mipi_rclk|iopll_0_refclk to pll_sdram|iopll_0_outclk0 (Meets timing requirements: No further analysis performed.)
===============================================================================


Transfer from GPIO_Din[1] to camera|mipi_rclk|iopll_0_refclk (Meets timing requirements: No further analysis performed.)
===============================================================================


Clock Domain pll_sdram|iopll_0_outclk0 (Meets timing requirements: No further analysis performed.)
===============================================================================


Clock Domain altera_reserved_tck (Meets timing requirements: No further analysis performed.)
===============================================================================


Transfer from camera|mipi_rclk|iopll_0_refclk to GPIO_Din[1] (Meets timing requirements: No further analysis performed.)
===============================================================================


Transfer from u_VEDIO_PLL|iopll_0_outclk0 to pll_sdram|iopll_0_outclk0 (Meets timing requirements: No further analysis performed.)
===============================================================================


Clock Domain camera|mipi_rclk|iopll_0_refclk (Meets timing requirements: No further analysis performed.)
===============================================================================


Clock Domain u_VEDIO_PLL|iopll_0_outclk0 (Meets timing requirements: No further analysis performed.)
===============================================================================


Clock Domain GPIO_Din[1] (Meets timing requirements: No further analysis performed.)
===============================================================================


Clock Domain u_AUDIO_PLL|iopll_0_outclk0 (Meets timing requirements: No further analysis performed.)
===============================================================================


+-----------------+
; Retime Messages ;
+-----------------+
Info (20030): Parallel compilation is enabled and will use 12 of the 12 processors detected
Info: *******************************************************************
Info: Running Quartus Prime Fitter
    Info: Version 25.3.1 Build 100 12/19/2025 Patches 1.02 SC Pro Edition
    Info: Processing started: Thu May 14 23:00:27 2026
    Info: System process ID: 6404
Info: Command: quartus_fit --read_settings_files=on --write_settings_files=off golden_top -c golden_top
Info: qfit2_default_script.tcl version: #1
Info: Project  = golden_top
Info: Revision = golden_top
Info (17966): Starting Hyper-Retimer operations.
Info (18914): The Hyper-Retimer was unable to optimize the design due to retiming restrictions. Run Fast Forward Timing Closure Recommendations to see step-by-step suggestions for design changes and show the estimated performance improvement from making these changes.
Info (17968): Completed Hyper-Retimer operations.
Info (18821): Fitter Hyper-Retimer operations ending: elapsed time is 00:00:02
Info (22793): The Timing Analyzer is analyzing 14 combinational loops as latches. To see the list of latches that were not entered as explicit comb loops in design files, view the "User-Specified and Inferred Latches" table in the Synthesis report.
Info: DEBUG: Top targeted path = auto_fab_0|alt_sld_fab_0|alt_sld_fab_0|auto_signaltap_auto_signaltap_0|sld_signaltap_inst|sld_signaltap_body|sld_signaltap_body|jtag_acq_clk_xing|intel_stp_status_bits_cdc_u1
Info: DEBUG: paths detected for *stp_status_bits_in_reg_acq* = 4
Info: DEBUG: paths detected for *stp_status_bits_out_reg_tck* = 4
Info: DEBUG: num_tck_clk = 1
Info: DEBUG: paths detected for *tck_clk* = 1
Info: Constraints on the CDC paths between acquisition clock and communication clock are created in the Signal Tap instance, auto_fab_0|alt_sld_fab_0|alt_sld_fab_0|auto_signaltap_auto_signaltap_0
Info: The clock period of 'altera_reserved_tck' used in the Signal Tap instance, auto_fab_0|alt_sld_fab_0|alt_sld_fab_0|auto_signaltap_auto_signaltap_0 is not defined, setting max delay to 30ns (default 33MHz tck)
Info: Adding default timing constraints to JTAG signals.  This will help to achieve basic functionality since no such constraints were provided by the user.


