SDC Constraints report for golden_top
Tue Apr 28 13:19:21 2026
Quartus Prime Version 25.3.0 Build 109 09/24/2025 Patches 0.27 SC Pro Edition


---------------------
; Table of Contents ;
---------------------
  1. Post-Elaboration Constraints
  2. Post-Synthesis Constraints



+-------------------------------------------------------------------------------------------------------------------------------------------------+
; Post-Elaboration Constraints                                                                                                                    ;
+---------------+--------------------------+------------------------------------------------------------------------------------------+-----------+
; Constraint ID ; Command                  ; Value and Target Options                                                                 ; File Name ;
+---------------+--------------------------+------------------------------------------------------------------------------------------+-----------+
; 0             ; SDC::stmt_of_source_file ; [-qip] { dni/sandboxes/ENGG-ECE1174_19944_0/sld/ipgen/alt_sld_fab_0/alt_sld_fab_0.qip }  ; :0        ;
+---------------+--------------------------+------------------------------------------------------------------------------------------+-----------+


+-------------------------------------------------------------------------------------------------------------------------------------------------+
; Post-Synthesis Constraints                                                                                                                      ;
+---------------+--------------------------+------------------------------------------------------------------------------------------+-----------+
; Constraint ID ; Command                  ; Value and Target Options                                                                 ; File Name ;
+---------------+--------------------------+------------------------------------------------------------------------------------------+-----------+
; 0             ; SDC::stmt_of_source_file ; [-qip] { dni/sandboxes/ENGG-ECE1174_19944_0/sld/ipgen/alt_sld_fab_0/alt_sld_fab_0.qip }  ; :0        ;
+---------------+--------------------------+------------------------------------------------------------------------------------------+-----------+


