------------------------------------------------------------
Timing Analyzer Summary
------------------------------------------------------------

Type  : Setup 'u_VEDIO_PLL|iopll_0_outclk0'
Slack : 0.596
TNS   : 0.000
Corner: Slow fix6a 0C Model

Type  : Setup 'pll_sdram|iopll_0_outclk0'
Slack : 3.657
TNS   : 0.000
Corner: Slow fix6 0C Model

Type  : Setup 'camera|mipi_rclk|iopll_0_refclk'
Slack : 4.379
TNS   : 0.000
Corner: Slow fix6a 0C Model

Type  : Setup 'GPIO_Din[1]'
Slack : 5.750
TNS   : 0.000
Corner: Slow fix6 0C Model

Type  : Setup 'u_AUDIO_PLL|iopll_0_outclk0'
Slack : 200.335
TNS   : 0.000
Corner: Slow fix6 0C Model

Type  : Hold 'pll_sdram|iopll_0_outclk0'
Slack : -4.463
TNS   : -12.740
Corner: Slow fix6a 0C Model

Type  : Hold 'GPIO_Din[1]'
Slack : 0.011
TNS   : 0.000
Corner: Slow fix6a 0C Model

Type  : Hold 'u_VEDIO_PLL|iopll_0_outclk0'
Slack : 0.064
TNS   : 0.000
Corner: Fast fix6 0C Model

Type  : Hold 'camera|mipi_rclk|iopll_0_refclk'
Slack : 0.066
TNS   : 0.000
Corner: Fast fix6 0C Model

Type  : Hold 'u_AUDIO_PLL|iopll_0_outclk0'
Slack : 0.068
TNS   : 0.000
Corner: Fast fix6 0C Model

Type  : Recovery 'GPIO_Din[1]'
Slack : 7.047
TNS   : 0.000
Corner: Slow fix6 0C Model

Type  : Recovery 'pll_sdram|iopll_0_outclk0'
Slack : 9.195
TNS   : 0.000
Corner: Slow fix6 0C Model

Type  : Recovery 'camera|mipi_rclk|iopll_0_refclk'
Slack : 18.086
TNS   : 0.000
Corner: Slow fix6 0C Model

Type  : Recovery 'u_VEDIO_PLL|iopll_0_outclk0'
Slack : 37.755
TNS   : 0.000
Corner: Slow fix6 0C Model

Type  : Removal 'GPIO_Din[1]'
Slack : 0.002
TNS   : 0.000
Corner: Fast fix6 0C Model

Type  : Removal 'pll_sdram|iopll_0_outclk0'
Slack : 0.154
TNS   : 0.000
Corner: Fast fix6 0C Model

Type  : Removal 'camera|mipi_rclk|iopll_0_refclk'
Slack : 0.212
TNS   : 0.000
Corner: Fast fix6 0C Model

Type  : Removal 'u_VEDIO_PLL|iopll_0_outclk0'
Slack : 0.231
TNS   : 0.000
Corner: Fast fix6 0C Model

Type  : Minimum Pulse Width 'pll_sdram|iopll_0_outclk1'
Slack : 3.861
TNS   : 0.000
Corner: Slow fix6 100C Model

Type  : Minimum Pulse Width 'pll_sdram|iopll_0_outclk0'
Slack : 4.385
TNS   : 0.000
Corner: Slow fix6a 0C Model

Type  : Minimum Pulse Width 'u_VEDIO_PLL|iopll_0|tennm_ph2_iopll|ref_clk0'
Slack : 8.207
TNS   : 0.000
Corner: Slow fix6a 0C Model

Type  : Minimum Pulse Width 'camera|mipi_rclk|iopll_0|tennm_ph2_iopll|ref_clk0'
Slack : 8.905
TNS   : 0.000
Corner: Slow fix6a 0C Model

Type  : Minimum Pulse Width 'pll_sdram|iopll_0|tennm_ph2_iopll|ref_clk0'
Slack : 8.910
TNS   : 0.000
Corner: Slow fix6 0C Model

Type  : Minimum Pulse Width 'camera|mipi_rclk|iopll_0_refclk'
Slack : 9.421
TNS   : 0.000
Corner: Slow fix6a 0C Model

Type  : Minimum Pulse Width 'u_VEDIO_PLL|iopll_0_outclk0'
Slack : 19.083
TNS   : 0.000
Corner: Slow fix6 0C Model

Type  : Minimum Pulse Width 'GPIO_Din[1]'
Slack : 23.413
TNS   : 0.000
Corner: Slow fix6 100C Model

Type  : Minimum Pulse Width 'u_AUDIO_PLL|iopll_0|tennm_ph2_iopll|ref_clk0'
Slack : 23.683
TNS   : 0.000
Corner: Fast fix6 0C Model

Type  : Minimum Pulse Width 'camera|mipi_rclk|iopll_0_outclk0'
Slack : 23.766
TNS   : 0.000
Corner: Slow fix6 0C Model

Type  : Minimum Pulse Width 'CLOCK1_50'
Slack : 24.255
TNS   : 0.000
Corner: Fast fix6 0C Model

Type  : Minimum Pulse Width 'u_AUDIO_PLL|iopll_0_n_cnt_clk'
Slack : 49.596
TNS   : 0.000
Corner: Slow fix6 0C Model

Type  : Minimum Pulse Width 'u_AUDIO_PLL|iopll_0_outclk0'
Slack : 100.512
TNS   : 0.000
Corner: Slow fix6 0C Model

Type  : Slow fix6 100C Model Max Skew 'set_max_skew'
Slack : 7.370

Type  : Slow fix6 100C Model Max Skew 'set_max_skew'
Slack : 7.435

Type  : Slow fix6 100C Model Max Skew 'set_max_skew'
Slack : 7.456

Type  : Slow fix6 0C Model Max Skew 'set_max_skew'
Slack : 7.282

Type  : Slow fix6 0C Model Max Skew 'set_max_skew'
Slack : 7.368

Type  : Slow fix6 0C Model Max Skew 'set_max_skew'
Slack : 7.373

Type  : Slow fix6a 0C Model Max Skew 'set_max_skew'
Slack : 7.277

Type  : Slow fix6a 0C Model Max Skew 'set_max_skew'
Slack : 7.366

Type  : Slow fix6a 0C Model Max Skew 'set_max_skew'
Slack : 7.368

Type  : Fast fix6 0C Model Max Skew 'set_max_skew'
Slack : 7.643

Type  : Fast fix6 0C Model Max Skew 'set_max_skew'
Slack : 7.675

Type  : Fast fix6 0C Model Max Skew 'set_max_skew'
Slack : 7.678

Type  : Net Delay 'set_net_delay'
Slack : 6.768

Type  : Net Delay 'set_net_delay'
Slack : 6.944

Type  : Net Delay 'set_net_delay'
Slack : 7.134

Type  : Net Delay 'set_net_delay'
Slack : 7.154

Type  : Net Delay 'set_net_delay'
Slack : 7.199

Type  : Net Delay 'set_net_delay'
Slack : 7.227

Type  : Net Delay 'set_net_delay'
Slack : 7.236

------------------------------------------------------------
