Fitter Finalize Stage Report for golden_top
Thu May 14 23:05:24 2026
Quartus Prime Version 25.3.1 Build 100 12/19/2025 Patches 1.02 SC Pro Edition


---------------------
; Table of Contents ;
---------------------
  1. Legal Notice
  2. Top Non-routable Hold-failing Connections
  3. Top Ignored Large Hold-failing Connections
  4. Routing Usage Summary
  5. Finalize Messages



----------------
; Legal Notice ;
----------------
Copyright (C) 2025  Altera Corporation. All rights reserved.
Your use of Altera Corporation's design tools, logic functions 
and other software and tools, and any partner logic 
functions, and any output files from any of the foregoing 
(including device programming or simulation files), and any 
associated documentation or information are expressly subject 
to the terms and conditions of the Altera Program License 
Subscription Agreement, the Altera Quartus Prime License Agreement,
the Altera IP License Agreement, or other applicable license
agreement, including, without limitation, that your use is for
the sole purpose of programming logic devices manufactured by
Altera and sold by Altera or its authorized distributors.  Please
refer to the Altera Software License Subscription Agreements 
on the Quartus Prime software download page.



+---------------------------------------------------------------------------------------------------------------+
; Top Non-routable Hold-failing Connections                                                                     ;
+------------------+------------------------------------+-----------+-------------------------------+-----------+
; Worst hold slack ; Oterm name                         ; Oterm TLP ; To Node                       ; Iterm TLP ;
+------------------+------------------------------------+-----------+-------------------------------+-----------+
; -4463            ; sdram_ctrl|i118~0                  ; ILLEGAL   ; sdram_ctrl|refresh_req        ; ILLEGAL   ;
; -4408            ; sdram_mgr_inst|vsynch_sr[0]~xsyn   ; ILLEGAL   ; sdram_mgr_inst|vsynch_sr[0]   ; ILLEGAL   ;
; -3869            ; sdram_ctrl|start_refresh_prev~xsyn ; ILLEGAL   ; sdram_ctrl|start_refresh_prev ; ILLEGAL   ;
+------------------+------------------------------------+-----------+-------------------------------+-----------+


+-----------------------------------------------------------------------------------------------------------------------------------+
; Top Ignored Large Hold-failing Connections                                                                                        ;
+------------------+------------------------------+----------------------+------------------------------------+---------------------+
; Worst hold slack ; Oterm name                   ; Oterm TLP            ; To Node                            ; Iterm TLP           ;
+------------------+------------------------------+----------------------+------------------------------------+---------------------+
; -4463            ; u_vpg|u_vga_generator|vga_hs ; LAB_RE:X107Y32Z0I114 ; sdram_ctrl|i118~0                  ; LAB_RE:X118Y36Z0I9  ;
; -4408            ; u_vpg|u_vga_generator|vga_vs ; LAB_RE:X106Y31Z0I114 ; sdram_mgr_inst|vsynch_sr[0]~xsyn   ; LAB_RE:X114Y22Z0I43 ;
; -3869            ; u_vpg|u_vga_generator|vga_hs ; LAB_RE:X107Y32Z0I114 ; HDMI_TX_HS~1                       ; LAB_RE:X117Y40Z0I52 ;
; -3869            ; HDMI_TX_HS~1                 ; LAB_RE:X117Y40Z0I115 ; sdram_ctrl|start_refresh_prev~xsyn ; LAB_RE:X118Y36Z0I19 ;
+------------------+------------------------------+----------------------+------------------------------------+---------------------+


+------------------------------------------------------------------+
; Routing Usage Summary                                            ;
+--------------------------------------+---------------------------+
; Routing Resource Type                ; Usage                     ;
+--------------------------------------+---------------------------+
; Block Input Mux Wrapbacks            ; 16 / 43,616 ( < 1 % )     ;
; Block Input Muxes                    ; 24,981 / 500,456 ( 5 % )  ;
; Block interconnects                  ; 18,493 / 526,400 ( 4 % )  ;
; C1 interconnects                     ; 6,248 / 234,240 ( 3 % )   ;
; C4 interconnects                     ; 1,672 / 229,360 ( < 1 % ) ;
; C8 interconnects                     ; 174 / 22,936 ( < 1 % )    ;
; DCM_muxes                            ; 8 / 216 ( 4 % )           ;
; DELAY_CHAINs                         ; 0 / 1,262 ( 0 % )         ;
; Direct links                         ; 4,881 / 526,400 ( < 1 % ) ;
; HIO Buffers                          ; 52 / 10,528 ( < 1 % )     ;
; IO75XDDRFMXCKTREE_CLKDRV_BIG_VCO_REs ; 0 / 8 ( 0 % )             ;
; IO75XDDRFMXCKTREE_CLKDRV_GM0_REs     ; 0 / 8 ( 0 % )             ;
; IO75XDDRFMXCKTREE_CLKDRV_VCO_INPUTs  ; 0 / 4 ( 0 % )             ;
; IO75XDDRFMXCKTREE_CLKDRV_VCO_OUTPUTs ; 0 / 4 ( 0 % )             ;
; IO75XDDRFMXCKTREE_FB_MUX31_REs       ; 2 / 24 ( 8 % )            ;
; IOFBRADAPT_C2P_BUF_INPUTs            ; 0 / 66 ( 0 % )            ;
; IOFBRADAPT_C2P_BUF_OUTPUTs           ; 0 / 66 ( 0 % )            ;
; IOFBRADAPT_FRZ_BUFS_REs              ; 0 / 308 ( 0 % )           ;
; IOFBRADAPT_P2C_BUF_INPUTs            ; 0 / 142 ( 0 % )           ;
; IOFBRADAPT_P2C_BUF_OUTPUTs           ; 0 / 142 ( 0 % )           ;
; Programmable Invert Buffers          ; 0 / 208 ( 0 % )           ;
; Programmable Invert Inputs           ; 963 / 57,078 ( 2 % )      ;
; Programmable Inverts                 ; 963 / 57,078 ( 2 % )      ;
; R0 interconnects                     ; 8,778 / 401,380 ( 2 % )   ;
; R1 interconnects                     ; 5,735 / 229,360 ( 3 % )   ;
; R12 interconnects                    ; 130 / 34,404 ( < 1 % )    ;
; R2 interconnects                     ; 1,307 / 115,620 ( 1 % )   ;
; R4 interconnects                     ; 593 / 117,500 ( < 1 % )   ;
; R6 interconnects                     ; 389 / 118,440 ( < 1 % )   ;
; Redundancy Muxes                     ; 206 / 20,728 ( < 1 % )    ;
; Row Clock Tap-Offs                   ; 529 / 34,404 ( 2 % )      ;
; Switchbox_clock_muxes                ; 32 / 1,920 ( 2 % )        ;
; VIO Buffers                          ; 12 / 8,320 ( < 1 % )      ;
; Vertical_seam_tap_muxes              ; 26 / 576 ( 5 % )          ;
+--------------------------------------+---------------------------+


+-------------------+
; Finalize Messages ;
+-------------------+
Info (20030): Parallel compilation is enabled and will use 12 of the 12 processors detected
Info: *******************************************************************
Info: Running Quartus Prime Fitter
    Info: Version 25.3.1 Build 100 12/19/2025 Patches 1.02 SC Pro Edition
    Info: Processing started: Thu May 14 23:00:27 2026
    Info: System process ID: 6404
Info: Command: quartus_fit --read_settings_files=on --write_settings_files=off golden_top -c golden_top
Info: qfit2_default_script.tcl version: #1
Info: Project  = golden_top
Info: Revision = golden_top
Info (21076): High junction temperature operating condition is not set. Assuming a default value of '100'.
Info (21076): Low junction temperature operating condition is not set. Assuming a default value of '0'.
Warning (23166): During hold fix-up, 3 non-routable connections are found and ignored.
Warning (23167): During hold fix-up, 4 connections with hold failures larger than 3000 ps are found and ignored. Large hold requirements may arise from various design issues, such as SDC problems or clock skew challenges.
Info (18258): Fitter Physical Synthesis operations beginning
Info (18259): Fitter Physical Synthesis operations ending: elapsed time is 00:00:00
Info (24604): Global preservation of unused transceiver channels is enabled. All unused transceiver channels will be preserved.
Info (16557): Fitter post-fit operations ending: elapsed time is 00:00:22


