SDC Constraints report for golden_top
Thu May 14 23:06:05 2026
Quartus Prime Version 25.3.1 Build 100 12/19/2025 Patches 1.02 SC Pro Edition


---------------------
; Table of Contents ;
---------------------
  1. Post-Elaboration Constraints
  2. Post-Synthesis Constraints



+-------------------------------------------------------------------------------------------------------------------------------------------------+
; Post-Elaboration Constraints                                                                                                                    ;
+---------------+--------------------------+------------------------------------------------------------------------------------------+-----------+
; Constraint ID ; Command                  ; Value and Target Options                                                                 ; File Name ;
+---------------+--------------------------+------------------------------------------------------------------------------------------+-----------+
; 0             ; SDC::stmt_of_source_file ; [-qip] { dni/sandboxes/TannyrsLaptop_2136_0/sld/ipgen/alt_sld_fab_0/alt_sld_fab_0.qip }  ; :0        ;
+---------------+--------------------------+------------------------------------------------------------------------------------------+-----------+


+-------------------------------------------------------------------------------------------------------------------------------------------------+
; Post-Synthesis Constraints                                                                                                                      ;
+---------------+--------------------------+------------------------------------------------------------------------------------------+-----------+
; Constraint ID ; Command                  ; Value and Target Options                                                                 ; File Name ;
+---------------+--------------------------+------------------------------------------------------------------------------------------+-----------+
; 0             ; SDC::stmt_of_source_file ; [-qip] { dni/sandboxes/TannyrsLaptop_2136_0/sld/ipgen/alt_sld_fab_0/alt_sld_fab_0.qip }  ; :0        ;
+---------------+--------------------------+------------------------------------------------------------------------------------------+-----------+


